// Jest Snapshot v1, https://goo.gl/fbAQLP

exports[`ContentHeader Component should match snapshot 1`] = `
<div>
  <div
    class="content-header"
  >
    <h1
      data-testid="Escenas:"
    >
      Escenas:
       
      3
    </h1>
    <img
      alt="book"
      class="portrait"
      src="https://boxshot.com/3d-book-cover/how-to-make-a-3d-book-cover-in-photoshop/sample.jpg"
    />
    <h2>
      Autor
       - 
      Obra
    </h2>
    <h6>
      Descripción
    </h6>
  </div>
</div>
`;
