// Jest Snapshot v1, https://goo.gl/fbAQLP

exports[`BookCard Component should match snapshot 1`] = `
<div>
  <div
    class="flex-wrapper column"
  >
    <ul
      class="book"
      data-testid="book-detail"
    >
      <img
        alt="Obra"
        src="https://boxshot.com/3d-book-cover/how-to-make-a-3d-book-cover-in-photoshop/sample.jpg"
      />
      <li
        class=""
        data-testid="Obra"
      >
        Obra
      </li>
      <li
        class="small"
        data-testid="Autor"
      >
        Autor
      </li>
    </ul>
    <a
      class=""
      href="/book/5e9f8f8f8f8f8f8f8f8f8f8/characters"
    >
      <button
        class="bg-blue"
        data-testid="navigate-button"
      >
        🎭 Personajes
      </button>
    </a>
    <a
      class=""
      href="/book/5e9f8f8f8f8f8f8f8f8f8f8/scenes"
    >
      <button
        class="bg-blue"
        data-testid="navigate-button"
      >
        🎬 Escenas
      </button>
    </a>
    <div
      class="control-panel-mini "
    >
      <button
        class="btn-big bg-yellow"
        data-testid="action-button"
      >
        📝 Editar
      </button>
      <button
        class="btn-big bg-red"
        data-testid="action-button"
      >
        🗑️ Eliminar
      </button>
    </div>
  </div>
</div>
`;
