// Jest Snapshot v1, https://goo.gl/fbAQLP

exports[`Card Component should render a book card 1`] = `
<div>
  <div
    class="card"
  >
    <div
      class="flex-wrapper column"
    >
      <ul
        class="book"
        data-testid="book-detail"
      >
        <img
          alt="transmitter Refined"
          src="https://boxshot.com/3d-book-cover/how-to-make-a-3d-book-cover-in-photoshop/sample.jpg"
        />
        <li
          class=""
          data-testid="Obra"
        >
          transmitter Refined
        </li>
        <li
          class="small"
          data-testid="Autor"
        >
          Theresa Larkin
        </li>
      </ul>
      <a
        class=""
        href="/book/6301216103b6fbb712bbde7c/characters"
      >
        <button
          class="bg-blue"
          data-testid="navigate-button"
        >
          🎭 Personajes
        </button>
      </a>
      <a
        class=""
        href="/book/6301216103b6fbb712bbde7c/scenes"
      >
        <button
          class="bg-blue"
          data-testid="navigate-button"
        >
          🎬 Escenas
        </button>
      </a>
    </div>
  </div>
</div>
`;
