// Jest Snapshot v1, https://goo.gl/fbAQLP

exports[`CardGrid Component should render 2 work cards 1`] = `
<div>
  <div
    class="content-header"
  >
    <h1
      data-testid="Trabajos:"
    >
      Trabajos:
       
      2
    </h1>
  </div>
  <div
    class="card-grid"
  >
    <div
      class="card"
    >
      <ul
        class="work-list"
      >
        <li
          class=""
          data-testid="interprete"
        >
          by: 
          user
        </li>
        <li
          class=""
          data-testid="obra"
        >
          Obra: 
          Obra
        </li>
        <li
          class=""
          data-testid="personaje"
        >
          Personaje: 
          Personaje
        </li>
        <li
          class=""
          data-testid="escena"
        >
          Escena: 
          Escena
        </li>
        <li
          class=""
          data-testid="descripcion"
        >
          Descripción: 
          Descripción
        </li>
      </ul>
    </div>
    <div
      class="card"
    >
      <ul
        class="work-list"
      >
        <li
          class=""
          data-testid="interprete"
        >
          by: 
          user
        </li>
        <li
          class=""
          data-testid="obra"
        >
          Obra: 
          Obra
        </li>
        <li
          class=""
          data-testid="personaje"
        >
          Personaje: 
          Personaje
        </li>
        <li
          class=""
          data-testid="escena"
        >
          Escena: 
          Escena
        </li>
        <li
          class=""
          data-testid="descripcion"
        >
          Descripción: 
          Descripción
        </li>
      </ul>
    </div>
  </div>
</div>
`;

exports[`CardGrid Component should render 5 book cards 1`] = `
<div>
  <div
    class="content-header"
  >
    <h1
      data-testid="Obras:"
    >
      Obras:
       
      5
    </h1>
  </div>
  <div
    class="card-grid"
  >
    <div
      class="card"
    >
      <div
        class="flex-wrapper column"
      >
        <ul
          class="book"
          data-testid="book-detail"
        >
          <img
            alt="transmitter Refined"
            src="https://boxshot.com/3d-book-cover/how-to-make-a-3d-book-cover-in-photoshop/sample.jpg"
          />
          <li
            class=""
            data-testid="Obra"
          >
            transmitter Refined
          </li>
          <li
            class="small"
            data-testid="Autor"
          >
            Theresa Larkin
          </li>
        </ul>
        <a
          class=""
          href="/book/6301216103b6fbb712bbde7c/characters"
        >
          <button
            class="bg-blue"
            data-testid="navigate-button"
          >
            🎭 Personajes
          </button>
        </a>
        <a
          class=""
          href="/book/6301216103b6fbb712bbde7c/scenes"
        >
          <button
            class="bg-blue"
            data-testid="navigate-button"
          >
            🎬 Escenas
          </button>
        </a>
      </div>
    </div>
    <div
      class="card"
    >
      <div
        class="flex-wrapper column"
      >
        <ul
          class="book"
          data-testid="book-detail"
        >
          <img
            alt="alarm Tasty"
            src="https://boxshot.com/3d-book-cover/how-to-make-a-3d-book-cover-in-photoshop/sample.jpg"
          />
          <li
            class=""
            data-testid="Obra"
          >
            alarm Tasty
          </li>
          <li
            class="small"
            data-testid="Autor"
          >
            Jay Hintz
          </li>
        </ul>
        <a
          class=""
          href="/book/6301212c03b6fbb712bbde7a/characters"
        >
          <button
            class="bg-blue"
            data-testid="navigate-button"
          >
            🎭 Personajes
          </button>
        </a>
        <a
          class=""
          href="/book/6301212c03b6fbb712bbde7a/scenes"
        >
          <button
            class="bg-blue"
            data-testid="navigate-button"
          >
            🎬 Escenas
          </button>
        </a>
      </div>
    </div>
    <div
      class="card"
    >
      <div
        class="flex-wrapper column"
      >
        <ul
          class="book"
          data-testid="book-detail"
        >
          <img
            alt="Dr. microchip Small"
            src="https://boxshot.com/3d-book-cover/how-to-make-a-3d-book-cover-in-photoshop/sample.jpg"
          />
          <li
            class=""
            data-testid="Obra"
          >
            Dr. microchip Small
          </li>
          <li
            class="small"
            data-testid="Autor"
          >
            Darrell Senger
          </li>
        </ul>
        <a
          class=""
          href="/book/62ffb64f42dc23efb3c3c0c4/characters"
        >
          <button
            class="bg-blue"
            data-testid="navigate-button"
          >
            🎭 Personajes
          </button>
        </a>
        <a
          class=""
          href="/book/62ffb64f42dc23efb3c3c0c4/scenes"
        >
          <button
            class="bg-blue"
            data-testid="navigate-button"
          >
            🎬 Escenas
          </button>
        </a>
      </div>
    </div>
    <div
      class="card"
    >
      <div
        class="flex-wrapper column"
      >
        <ul
          class="book"
          data-testid="book-detail"
        >
          <img
            alt="Mr. panel Practical"
            src="https://boxshot.com/3d-book-cover/how-to-make-a-3d-book-cover-in-photoshop/sample.jpg"
          />
          <li
            class=""
            data-testid="Obra"
          >
            Mr. panel Practical
          </li>
          <li
            class="small"
            data-testid="Autor"
          >
            Shaun Mohr
          </li>
        </ul>
        <a
          class=""
          href="/book/62ffb63c42dc23efb3c3c0c2/characters"
        >
          <button
            class="bg-blue"
            data-testid="navigate-button"
          >
            🎭 Personajes
          </button>
        </a>
        <a
          class=""
          href="/book/62ffb63c42dc23efb3c3c0c2/scenes"
        >
          <button
            class="bg-blue"
            data-testid="navigate-button"
          >
            🎬 Escenas
          </button>
        </a>
      </div>
    </div>
    <div
      class="card"
    >
      <div
        class="flex-wrapper column"
      >
        <ul
          class="book"
          data-testid="book-detail"
        >
          <img
            alt="El principito"
            src="https://media.v2.siweb.es/uploaded_thumb_medium/bd4e5fefd47a03f444d7dce77040dff3/principito_con_letra.jpg"
          />
          <li
            class=""
            data-testid="Obra"
          >
            El principito
          </li>
          <li
            class="small"
            data-testid="Autor"
          >
            Saint-Exupéry
          </li>
        </ul>
        <a
          class=""
          href="/book/62fed32c76d7b41305161d8a/characters"
        >
          <button
            class="bg-blue"
            data-testid="navigate-button"
          >
            🎭 Personajes
          </button>
        </a>
        <a
          class=""
          href="/book/62fed32c76d7b41305161d8a/scenes"
        >
          <button
            class="bg-blue"
            data-testid="navigate-button"
          >
            🎬 Escenas
          </button>
        </a>
      </div>
    </div>
  </div>
</div>
`;
