// Jest Snapshot v1, https://goo.gl/fbAQLP

exports[`WorkCard Component should match snapshot 1`] = `
<div>
  <ul
    class="work-list"
  >
    <li
      class=""
      data-testid="interprete"
    >
      by: 
      user
    </li>
    <li
      class=""
      data-testid="obra"
    >
      Obra: 
      Obra
    </li>
    <li
      class=""
      data-testid="personaje"
    >
      Personaje: 
      Personaje
    </li>
    <li
      class=""
      data-testid="escena"
    >
      Escena: 
      Escena
    </li>
    <li
      class=""
      data-testid="descripcion"
    >
      Descripción: 
      Descripción
    </li>
  </ul>
</div>
`;
